// Jest Snapshot v1, https://goo.gl/fbAQLP

exports[`Close Button default tests should render without crashing 1`] = `
<DocumentFragment>
  .c0 {
  cursor: pointer;
  font-size: 2.9rem;
}

.c0:hover,
.c0:active {
  color: var(--sec);
  -webkit-transition: var(--btnTrans);
  transition: var(--btnTrans);
}

<div
    class="c0"
    data-testid="container"
  >
    Ã—
  </div>
</DocumentFragment>
`;
