// Jest Snapshot v1, https://goo.gl/fbAQLP

exports[`content box tests should render without crashing 1`] = `
<DocumentFragment>
  .c0 {
  display: -webkit-box;
  display: -webkit-flex;
  display: -ms-flexbox;
  display: flex;
  -webkit-flex-direction: column;
  -ms-flex-direction: column;
  flex-direction: column;
  -webkit-box-pack: center;
  -webkit-justify-content: center;
  -ms-flex-pack: center;
  justify-content: center;
  -webkit-align-items: center;
  -webkit-box-align: center;
  -ms-flex-align: center;
  align-items: center;
  border: 0.1rem solid var(--prim);
  background-color: white;
  padding: 1.3rem;
  opacity: 0.6;
}

.c0 > h2 {
  text-transform: uppercase;
}

.c0 > p {
  font-size: 1.3rem;
}

<div
    class="c0 content"
    data-testid="content"
  >
    <h2
      data-testid="title"
    >
      Canada
    </h2>
    <p
      data-testid="textContent"
    >
      Shop for Photos!
    </p>
  </div>
</DocumentFragment>
`;
